
--- chase, drag +300 px, button held still 5000 ms
  elapsed   rawDt   inYaw   lookYaw
    28.705 42.6163   -0.21    0.1174
    28.804  0.0992       0    0.1871
    28.838  0.0336       0    0.1967
    28.938  0.1672       0    0.2074
    29.038  0.1167       0    0.2095
    29.054  0.0166       0    0.2096
    29.105  0.0501       0    0.2099
    29.138  0.0333       0    0.2099
    29.188  0.0499       0      0.21
    29.288  0.1001       0      0.21
    29.321  0.0333       0      0.21
    29.338  0.0167       0      0.21
    29.354  0.0158       0      0.21
    29.371  0.0175       0      0.21
    29.387  0.0159       0      0.21
    29.404  0.0171       0      0.21
    29.504  0.4165       0      0.21
    29.521   0.017       0      0.21
    29.621  0.6332       0      0.21
    29.654  0.0334       0      0.21
    29.671  0.0166       0      0.21
    29.688  0.0168       0      0.21
    29.754  0.0666       0      0.21
    29.821  0.0666       0      0.21
    29.921     0.1       0      0.21
    30.021  0.0996       0      0.21
    30.037  0.0168       0      0.21
    30.088  0.0502       0      0.21
    30.188  0.2334       0      0.21
    30.204  0.0167       0      0.21
    30.221  0.0166       0      0.21
    30.288  0.0666       0      0.21
    30.304  0.0161       0      0.21
    30.388   0.084       0      0.21
    30.403  0.0157       0      0.21
     30.47  0.0667       0      0.21
    30.488  0.0175       0      0.21
    30.504  0.0162       0      0.21
    30.525  0.0211       0      0.21
    30.538  0.0128       0      0.21
    30.638  0.0167       0      0.21
    30.738  0.0166       0      0.21
    30.837  0.0482       0      0.21
    31.037   0.317       0      0.21
    31.154  0.0832       0      0.21
    31.287  0.1499       0      0.21
    31.421  0.3833       0      0.21
    31.554  0.6835       0      0.21
    31.703  0.0334       0      0.21
    31.903  0.0831       0      0.21
    32.037   0.096       0      0.21
    32.087  0.0165       0      0.21
     32.22  0.0167       0      0.21
     32.27  0.0163       0      0.21
     32.32  0.0165       0      0.21
    32.454  0.0166       0      0.21
    32.537  0.0173       0      0.21
     32.67  0.0162       0      0.21
     32.77  0.0662       0    0.2074
     32.87    0.05       0    0.2003
    33.036  0.5671       0    0.1838
     33.17  0.2333       0    0.1718
     33.27  0.0167       0     0.164
     33.32  0.0166       0    0.1607
     33.37  0.0165       0    0.1572
    33.419   0.016       0    0.1536
    33.469  0.0164       0    0.1499
    33.603  0.0165       0    0.1389
    33.653  0.0172       0     0.136
    33.703  0.0173       0     0.133
    33.786  0.0173       0    0.1277
    33.836  0.0166       0    0.1247
    33.902  0.0333       0    0.1206
    34.019  0.0329   -0.07    0.1237
    34.102  0.0333       0     0.159
    34.235  0.0496       0    0.1778
    34.402  0.0167       0    0.1805
    34.552  0.0664       0    0.1806
    34.719  0.0496       0    0.1806
    34.855  0.0196       0    0.1806
    34.918  0.0327       0    0.1806
    35.035  0.0159       0    0.1806
    35.168  0.0167       0    0.1806
    35.385  0.0997       0    0.1806
    35.502  0.0333       0    0.1806
    35.635  0.0167       0    0.1806
    35.735  0.0174       0    0.1806
    35.802  0.0333       0    0.1806
    35.967  0.0159       0    0.1806
    36.067  0.0158       0    0.1806
    36.234   0.066       0    0.1806
    36.401  0.0167   -0.07    0.1837
    36.701  0.6972       0    0.2495
    36.769  0.0167       0    0.2503
    36.968  0.0075       0    0.2506
    37.035  0.0162       0    0.2506
    37.185  0.0175       0    0.2506
     37.37   0.068       0    0.3089
    37.535  0.0158       0    0.3198
    37.685  0.0159       0    0.3206
    37.811   0.026       0    0.3206
    37.969  0.0496       0    0.3206
    38.137  0.0176       0    0.3206
     38.22  0.0334       0    0.3206
    38.471  0.3157       0    0.3757
    38.622   0.051       0    0.3893
    38.839  0.2834   -0.07    0.4297
    39.056    0.25       0    0.4594
    39.206  0.0341       0    0.4605
     39.34  0.0173       0    0.4606
    39.472  0.0163       0    0.4705
    39.606  0.0166       0    0.5188
    39.823  0.1166       0    0.5303
    39.957  0.0167       0    0.5306
    40.208  0.0509       0    0.5306
    40.358  0.3332       0    0.5306
    40.491  0.0167       0     0.576
    40.541  0.0174       0    0.5889
    40.607  0.0171       0    0.5966
    40.741  0.0166       0    0.6002
    40.909  0.0339       0    0.6006
    40.959  0.0167       0    0.6006
    41.092  0.0166       0    0.6006
    41.309  0.0167       0    0.6006
    41.525  0.0168       0    0.6006
    41.609  0.0168       0    0.6006
    41.659  0.0176       0    0.6006
    41.825  0.0166       0    0.6006
    41.875  0.0153       0    0.6006
    42.008  0.0997       0    0.6006
    42.125  0.0172       0    0.6006
    42.191   0.033       0    0.6006
    42.258  0.0165       0    0.6006
    42.308  0.0167       0    0.6006
    42.392  0.0333       0    0.6006
    42.542  0.3496       0    0.6006
    42.759  0.3157       0    0.6648
     42.91  0.0344       0    0.6702
    43.143   0.033       0    0.6706
    43.393  0.3833       0    0.6706
    43.543  0.1333       0    0.6706
    43.643  0.0166       0    0.6706
    43.693  0.0168       0    0.6706
    43.959  0.0659       0    0.6706
    44.143  0.1169       0    0.7288
     44.36  0.0169       0    0.7403
    44.494  0.2502       0    0.7406
    44.743  0.1001       0    0.7406
     44.96  0.3167       0    0.7406
    45.194  0.0336       0    0.7406
    45.243  0.0162       0    0.7406
    45.327  0.0162       0    0.7406
    45.379  0.0182       0    0.7406
     45.56  0.0165       0    0.7406
    45.826  0.1666       0    0.7406
    46.111  0.8337       0    0.7406
    46.178   0.017       0    0.7406
    46.344  0.1504       0    0.7406
    46.562  0.1167       0    0.7406
    46.645  0.0166       0    0.7406
    46.945    0.15       0    0.7406
    47.079  0.0167       0    0.7406
    47.229  0.0333       0    0.7406
    47.328  0.0163       0    0.7406
    47.379  0.0172       0    0.7406
    47.429  0.0167       0    0.7406
    47.479   0.017       0    0.7406
    47.692  0.2492       0    0.7406
    47.777  0.0177       0    0.7406
    48.027  0.0501       0    0.7406
    48.269   0.076       0    0.6915
    48.436  0.0166       0    0.6461
    48.636     0.1       0    0.5859
    48.768  0.0168       0    0.5496
    48.968  0.0334       0    0.4981
    49.101  0.0492       0    0.4681
    49.185  0.0163       0    0.4496
    49.351  0.3336       0     0.411
    49.485  0.0167       0    0.3847
    49.568  0.0334       0    0.3713
    49.752  0.0175       0    0.3369
    49.919  0.1992       0    0.3093
     50.07  0.0334       0    0.2874
    50.153  0.0174       0     0.277
    50.203  0.0167       0    0.2709
    50.253   0.016       0    0.2649
    50.387  0.1832       0    0.2455
    50.469  0.0167       0    0.2361
    50.596   0.016       0     0.221
    50.813  0.0992       0    0.1976
      50.9  0.0198       0    0.1901
    50.979  0.0157       0    0.1835
    51.146  0.0659       0    0.1679
    51.279  0.0325       0    0.1575
    51.379  0.0158       0    0.1501
    51.479  0.0325       0     0.143
    51.563  0.0164       0    0.1372
     51.78  0.1335       0    0.1219
    51.914  0.1166       0     0.114
    51.979   0.016       0    0.1109
    52.114  0.0172       0    0.1035
    52.247  0.5492       0    0.0967
     52.38  0.0166       0    0.0905
    52.563  0.3506       0    0.0824
    52.662  0.0661       0    0.0787
    52.862  0.0164       0     0.071
    53.162  0.2175       0    0.0609
    53.378  0.0166       0    0.0548
    53.528  0.0166       0     0.051
    53.595  0.0179       0    0.0496
    53.711  0.0162       0    0.0468
    53.828  0.0842       0     0.044
    53.912  0.0172       0    0.0422
    54.077  0.0167       0    0.0388
    54.212    0.05       0    0.0363
    54.278  0.0167       0    0.0353
    54.362  0.0169       0    0.0338
    54.411  0.0162       0    0.0331
    54.494  0.0492       0    0.0317
    54.595  0.0161       0    0.0301
    54.678  0.0336       0    0.0289
    54.761  0.0159       0    0.0277
    54.862  0.0336       0    0.0264
    54.962  0.0337       0    0.0251
    55.045  0.0336       0    0.0241
    55.145  0.0336       0    0.0229
    55.228  0.0326       0     0.022
    55.311  0.0172       0    0.0211
    55.412  0.0332       0      0.02
    55.578  0.0836       0    0.0183
    55.645  0.0169       0    0.0178
     55.87  0.1411       0    0.0158
    55.971  0.0168       0    0.0151
    56.104  0.0501       0    0.0141
    56.253  0.0829       0    0.0131
    56.353  0.0163       0    0.0124
    56.453  0.0503       0    0.0119
     56.62  0.0505       0    0.0109
    56.737  0.0501       0    0.0103
     56.97  0.1509       0    0.0091
    57.036  0.0146       0    0.0088
    57.219  0.0668       0    0.0081
     57.37  0.0339       0    0.0075
    57.469  0.0167       0    0.0071
    57.553  0.0164       0    0.0069
     57.66  0.0582       0    0.0065
     57.96  0.2681       0    0.0055
  frames 663  input total -0.840 rad  peak lookYaw 0.741  final 0.005  decay from peak 99.3%
