TITLE  uiFocus true -> false   assist true (solver true)

=== 1. FROM A DEAD STOP, TWA 100, 10 m/s, bare poles: hold UP ===
   t=  0.1    1.7 kn  hdg 188  TWA   97  heel  -3.7  pitch  -1.2  heave -0.64  rud   -6  canvas 2147  thr   0%  beam reach
   t=  3.1    2.2 kn  hdg 188  TWA  104  heel  -1.9  pitch   0.8  heave  1.69  rud    4  canvas 1031  thr  42%  broad reach
   t=  6.1    5.9 kn  hdg 188  TWA  103  heel  -4.2  pitch  -3.0  heave -2.56  rud   -4  canvas 2522  thr  93%  broad reach
   t=  9.1    9.7 kn  hdg 188  TWA  109  heel  -3.7  pitch   0.8  heave  2.55  rud   -0  canvas 2913  thr 100%  broad reach
   t= 12.1   12.5 kn  hdg 188  TWA  110  heel  -5.2  pitch  -1.0  heave -1.59  rud    2  canvas 2805  thr 100%  broad reach
   t= 15.1   13.8 kn  hdg 188  TWA  108  heel  -9.0  pitch   0.0  heave  0.74  rud   -5  canvas 2779  thr 100%  broad reach
   t= 18.1   14.3 kn  hdg 188  TWA  109  heel -10.3  pitch  -0.9  heave -0.44  rud    2  canvas 2760  thr 100%  broad reach
   t= 21.2   14.4 kn  hdg 189  TWA  107  heel  -7.0  pitch  -0.7  heave  0.24  rud   -4  canvas 2767  thr 100%  broad reach
   t= 24.2   14.4 kn  hdg 188  TWA  107  heel  -9.7  pitch  -0.6  heave -0.19  rud    1  canvas 2754  thr 100%  broad reach
   t= 27.2   14.4 kn  hdg 189  TWA  110  heel  -7.4  pitch  -1.0  heave  0.14  rud   -6  canvas 2766  thr 100%  broad reach
   t= 30.2   14.3 kn  hdg 188  TWA  109  heel  -8.6  pitch  -1.4  heave -0.18  rud   -2  canvas 2587  thr 100%  broad reach
   t= 33.3   14.0 kn  hdg 189  TWA  114  heel  -5.2  pitch  -0.5  heave  0.52  rud   -5  canvas 2766  thr 100%  broad reach
   t= 36.3   14.0 kn  hdg 188  TWA  115  heel  -7.3  pitch  -1.2  heave -0.53  rud   -3  canvas 2201  thr 100%  broad reach
   t= 39.3   13.9 kn  hdg 188  TWA  123  heel  -4.8  pitch  -0.5  heave  0.70  rud    0  canvas 2766  thr 100%  broad reach
   t= 42.3   13.9 kn  hdg 188  TWA  127  heel  -3.4  pitch  -0.4  heave -0.61  rud    1  canvas 2655  thr 100%  broad reach
   t= 45.3   13.4 kn  hdg 188  TWA  130  heel  -2.4  pitch   0.6  heave  0.84  rud    1  canvas 2761  thr 100%  broad reach
   frame period p25/p50/p95 31.9/33.4/66.6 ms over 1260 frames
   >> 1 kn at 0.1 s, 5 kn at 5.3 s, 10 kn at 9.4 s, 90% of 14.6 at 13.0 s
   >> heel span -11.0 .. -1.1 deg, heave -2.67 .. 2.63 m, pitch -3.7 .. 1.2 deg

=== 2. HARD A-PORT from that reach, hold LEFT 30 s, then let go ===
   t=  0.0   14.1 kn  hdg 188  TWA  130  heel  -5.5  pitch  -0.3  heave  0.82  rud   -2  canvas 2605  thr 100%  broad reach
   t=  3.1   13.8 kn  hdg 186  TWA  134  heel  -3.4  pitch  -0.5  heave -0.12  rud  -35  canvas 2821  thr 100%  broad reach
   t=  6.2   13.1 kn  hdg 176  TWA  145  heel  -0.2  pitch  -0.4  heave -0.58  rud  -35  canvas 2811  thr 100%  broad reach
   t=  9.2   12.5 kn  hdg 164  TWA  157  heel   3.3  pitch  -1.1  heave  0.68  rud  -35  canvas 2366  thr 100%  running
   t= 12.2   11.8 kn  hdg 151  TWA  162  heel   3.7  pitch  -0.3  heave -0.86  rud  -35  canvas 2688  thr 100%  running
   t= 15.3   11.8 kn  hdg 137  TWA  175  heel   1.8  pitch  -1.6  heave  0.96  rud  -35  canvas 2073  thr 100%  running
   t= 18.3   11.1 kn  hdg 122  TWA -173  heel   3.5  pitch   1.8  heave -0.54  rud  -35  canvas 2628  thr 100%  running
   t= 21.3   11.5 kn  hdg 107  TWA -156  heel   4.2  pitch  -2.5  heave -0.25  rud  -35  canvas 2568  thr 100%  running
   t= 24.4   11.7 kn  hdg  93  TWA -143  heel   1.7  pitch   0.2  heave  1.02  rud  -35  canvas 1716  thr 100%  broad reach
   t= 27.4   11.8 kn  hdg  79  TWA -127  heel   6.3  pitch  -0.1  heave -1.35  rud  -35  canvas 2694  thr 100%  broad reach
   t= 30.5   12.4 kn  hdg  65  TWA -115  heel   5.1  pitch  -1.4  heave  1.62  rud    4  canvas 1995  thr 100%  broad reach
   t= 33.5   12.5 kn  hdg  59  TWA -108  heel  10.4  pitch  -0.2  heave -1.40  rud   24  canvas 2649  thr 100%  broad reach
   t= 36.5   13.0 kn  hdg  59  TWA -107  heel   4.2  pitch  -0.8  heave  1.22  rud   10  canvas 2653  thr 100%  broad reach
   t= 39.6   13.2 kn  hdg  62  TWA -107  heel   5.8  pitch  -1.2  heave -0.81  rud    3  canvas 2672  thr 100%  broad reach
   frame period p25/p50/p95 18.3/33.4/100.0 ms over 1011 frames
   >> wheel: rudder reached 35 deg, |steer| 1.0 at 0.93 s
   >> 1 deg/s of yaw at 1.4 s, 10 deg of heading at 5.7 s, 90 deg at 23.4 s, 180 deg at undefined s
   >> steady rate 4.74 deg/s, peak 5.05 deg/s
   >> radius over the first 90 deg: 94 m = 1.8 ship lengths
   >> speed through the turn 14.1 -> min 11.0 -> 13.2 kn
   >> heel -7.8 .. 12.2 deg (does she lean into it?), canvas 955 .. 2965 m^2 unprompted
   >> after letting go: heading 67 -> 63, still swinging 1.4 deg in the last second

=== 3. LUFF UP TO DEAD UPWIND with the arrows and hold there ===
   t=  0.1   13.0 kn  hdg  67  TWA -122  heel   4.3  pitch  -0.8  heave -1.18  rud    0  canvas 2475  thr 100%  broad reach
   t=  4.1   13.2 kn  hdg  67  TWA -125  heel   3.9  pitch  -0.3  heave -0.70  rud   -1  canvas 2494  thr 100%  broad reach
   t=  8.1   13.3 kn  hdg  67  TWA -123  heel   3.1  pitch   0.3  heave  1.07  rud    1  canvas 2763  thr 100%  broad reach
   t= 12.1   12.9 kn  hdg  66  TWA -119  heel   6.1  pitch   0.3  heave -0.85  rud  -33  canvas 2572  thr 100%  broad reach
   t= 16.1   13.2 kn  hdg  57  TWA -103  heel   4.9  pitch  -2.0  heave -0.86  rud  -10  canvas 2286  thr 100%  broad reach
   t= 20.2   12.9 kn  hdg  51  TWA -100  heel   9.0  pitch  -0.5  heave  0.93  rud  -35  canvas 2404  thr 100%  beam reach
   t= 24.2   13.1 kn  hdg  42  TWA  -91  heel   4.0  pitch  -0.7  heave  1.39  rud   -1  canvas 2727  thr 100%  beam reach
   t= 28.3   12.9 kn  hdg  35  TWA  -84  heel  10.9  pitch   0.0  heave -2.03  rud  -25  canvas 2123  thr 100%  close reach
   t= 32.3   12.8 kn  hdg  31  TWA  -85  heel   5.0  pitch  -0.2  heave  0.43  rud  -18  canvas 1704  thr 100%  close reach
   t= 36.3   12.1 kn  hdg  26  TWA  -78  heel   4.1  pitch  -1.7  heave  1.75  rud  -35  canvas 2099  thr 100%  close reach
   t= 40.3   11.5 kn  hdg  19  TWA  -70  heel   3.7  pitch   1.0  heave -0.85  rud    2  canvas  638  thr 100%  close hauled
   t= 44.4   10.7 kn  hdg  14  TWA  -64  heel   8.8  pitch  -0.6  heave -1.13  rud  -35  canvas  644  thr 100%  close hauled
   t= 48.4   10.3 kn  hdg   1  TWA  -56  heel   0.3  pitch  -0.9  heave  1.28  rud   -5  canvas  646  thr 100%  close hauled
   t= 52.4    9.1 kn  hdg 353  TWA  -45  heel   6.4  pitch   0.4  heave -0.09  rud  -27  canvas  567  thr 100%  close hauled
   t= 56.4    8.6 kn  hdg 347  TWA  -38  heel   7.1  pitch  -1.9  heave -1.13  rud  -16  canvas  569  thr 100%  close hauled
   t= 60.4    8.8 kn  hdg 339  TWA  -31  heel  -3.0  pitch   1.3  heave  1.19  rud    4  canvas 1134  thr 100%  head to wind
   t= 64.5    7.6 kn  hdg 335  TWA  -25  heel   4.3  pitch  -1.9  heave -0.41  rud   -3  canvas 2444  thr 100%  head to wind
   t= 68.5    8.2 kn  hdg 333  TWA  -23  heel  -2.0  pitch  -0.1  heave  0.13  rud  -22  canvas 2563  thr 100%  head to wind
   t= 72.5    7.1 kn  hdg 327  TWA  -14  heel   1.8  pitch   0.2  heave -0.27  rud   -2  canvas 2517  thr 100%  head to wind
   t= 76.5    6.9 kn  hdg 322  TWA  -14  heel  -1.4  pitch  -1.5  heave  0.20  rud  -35  canvas 2728  thr 100%  head to wind
   t= 80.5    6.8 kn  hdg 317  TWA  -10  heel  -0.4  pitch   0.2  heave  0.17  rud   -3  canvas 2451  thr 100%  head to wind
   t= 84.5    6.1 kn  hdg 311  TWA   -2  heel   1.6  pitch  -0.3  heave -0.43  rud   -7  canvas 2209  thr 100%  head to wind
   t= 88.5    6.7 kn  hdg 305  TWA    8  heel  -0.0  pitch  -1.5  heave  0.33  rud   15  canvas 2361  thr 100%  head to wind
   t= 92.5    6.3 kn  hdg 305  TWA    6  heel  -4.8  pitch   1.1  heave  0.07  rud    9  canvas 2583  thr 100%  head to wind
   t= 96.5    6.9 kn  hdg 308  TWA    3  heel  -1.7  pitch  -2.0  heave -0.20  rud   -1  canvas 2668  thr 100%  head to wind
   t=100.6    6.7 kn  hdg 309  TWA    5  heel  -7.2  pitch  -0.2  heave -0.18  rud    8  canvas 2704  thr 100%  head to wind
   t=104.6    6.7 kn  hdg 308  TWA    8  heel   1.2  pitch  -0.1  heave  0.28  rud    2  canvas 2742  thr 100%  head to wind
   t=108.6    6.7 kn  hdg 309  TWA    8  heel  -8.0  pitch  -1.0  heave -0.14  rud    8  canvas 2538  thr 100%  head to wind
   t=112.6    7.1 kn  hdg 309  TWA    5  heel  -1.0  pitch  -0.7  heave  0.08  rud    2  canvas 2807  thr 100%  head to wind
   frame period p25/p50/p95 16.5/16.7/100.0 ms over 4379 frames
   >> took 25.2 s of nudging the arrows to come up head to wind
   >> holding dead upwind: TWA 2 .. 9, speed 6.5 .. 7.1 kn
   >> ever flagged in irons: no;  ever below 2 kn: no;  slowest 6.1 kn
   >> heel -8.0 .. 1.2 deg, pitch -2.1 .. 0.9 deg, heave -0.48 .. 0.42 m

=== 4. BEAR AWAY 120 deg onto a broad reach, helm only, yards hands-off ===
   t=  0.0    7.0 kn  hdg 311  TWA   21  heel   0.2  pitch  -1.8  heave -0.26  rud    2  canvas 2864  thr 100%  head to wind
   t=  4.0    7.2 kn  hdg 314  TWA   16  heel   2.4  pitch   0.4  heave  0.70  rud   35  canvas 2840  thr 100%  head to wind
   t=  8.1    6.4 kn  hdg 324  TWA   10  heel  -1.4  pitch  -1.7  heave -0.54  rud   35  canvas 2502  thr 100%  head to wind
   t= 12.1    7.0 kn  hdg 337  TWA   -4  heel  -1.5  pitch   0.1  heave  0.08  rud   35  canvas 2376  thr 100%  head to wind
   t= 16.1    6.0 kn  hdg 351  TWA  -20  heel   5.0  pitch   0.6  heave  0.06  rud   17  canvas 2374  thr 100%  head to wind
   t= 20.1    7.3 kn  hdg   4  TWA  -33  heel  -9.1  pitch  -2.3  heave  0.49  rud  -31  canvas 1078  thr 100%  close hauled
   t= 24.1    7.3 kn  hdg   3  TWA  -37  heel   5.0  pitch   1.6  heave -1.00  rud  -18  canvas 2331  thr 100%  close hauled
   t= 28.1    8.1 kn  hdg   0  TWA  -37  heel  -0.4  pitch  -1.5  heave  0.57  rud   -5  canvas  661  thr 100%  close hauled
   t= 32.2    7.6 kn  hdg 357  TWA  -32  heel   2.6  pitch  -0.2  heave  0.26  rud   -6  canvas 1873  thr 100%  close hauled
   t= 36.2    7.5 kn  hdg 356  TWA  -32  heel   0.5  pitch  -0.7  heave -0.34  rud    3  canvas  977  thr 100%  head to wind
   t= 40.2    7.9 kn  hdg 354  TWA  -36  heel   4.4  pitch  -1.1  heave -0.42  rud   -2  canvas  688  thr 100%  close hauled
   frame period p25/p50/p95 16.4/16.7/34.0 ms over 2230 frames
   >> yards moved 1345 deg in total with the player touching only the helm
   >> speed 7.0 -> 8.0 kn, TWA 21 -> -31
   >> sailTrim/brace input seen: {"trim":0,"brace":0}

=== 5. STORM SEA on a broad reach — mass check on live frames ===
   t=  0.0   10.0 kn  hdg 179  TWA  131  heel  -0.4  pitch  -0.4  heave  0.20  rud   -0  canvas 2647  thr 100%  broad reach
   t=  5.0   14.7 kn  hdg 180  TWA  129  heel -10.4  pitch   1.8  heave -1.82  rud   -0  canvas 2851  thr 100%  broad reach
   t= 10.0   15.7 kn  hdg 180  TWA  124  heel  -7.3  pitch  -0.5  heave -2.47  rud   -7  canvas 2996  thr 100%  broad reach
   t= 15.0   16.3 kn  hdg 180  TWA  131  heel  -5.9  pitch  -3.8  heave -2.73  rud   -2  canvas 2744  thr 100%  broad reach
   t= 20.0   16.6 kn  hdg 180  TWA  131  heel  -2.3  pitch   0.5  heave -0.05  rud    2  canvas 2466  thr 100%  broad reach
   t= 25.0   15.3 kn  hdg 183  TWA  126  heel   3.4  pitch   4.2  heave  5.15  rud   -0  canvas 2996  thr 100%  broad reach
   t= 30.1   15.5 kn  hdg 181  TWA  132  heel -12.8  pitch  -3.3  heave -2.19  rud  -15  canvas 2944  thr 100%  broad reach
   t= 35.1   16.3 kn  hdg 179  TWA  138  heel   5.9  pitch  -5.0  heave -0.31  rud    1  canvas  815  thr 100%  broad reach
   frame period p25/p50/p95 16.6/16.7/17.5 ms over 2398 frames
   >> heel -14.3 .. 6.0 deg, pitch -5.6 .. 5.7 deg, heave -4.74 .. 5.24 m
   >> speed 10.0 .. 16.8 kn, canvas 34 .. 2996 m^2 (the watch reefing on its own)
   >> live roll: 4 cycles about a -4.2 deg mean, mean period 8.8 s

=== 6. PRO MODE, same keys, same weather: the contrast ===
   >> Pro from rest: 5 kn at 46.1 s, top 5.3 kn in 30 s
   >> Pro hard over for 25 s from 3.6 kn: turned 12 deg

HUD TEXT ON SCREEN: 04:30 Morning watch — one bell W 30 33 N 03 06 E 12 15 S 21 24 W 30 33 N 03 06 E Fresh breeze, fair-weather cumulus SEA 5 · rough HS 1.9 m VIS 32 km 5.4 KN IN IRONS Broad reach 30 20 10 10 20 30 HEEL 2.8° port PITCH −0.3° FORE MAIN MIZZEN JIBS 1 143 m² drawing · 38% APPARENT 101° stbd · 18.6 kn TRUE 311° · 20.5 kn GUST ×0.99 Force 5 — fresh breeze Ship's Book ESC SAILING MODE MINIMAL PRO Speed and

1 page error(s):
  console: The AudioContext encountered an error from the audio device or the WebAudio renderer.
