control (nothing hidden, two frames apart): 2 px changed  [807,682,60,12]
00-ship-copper                     changed=     718 bbox=[694,657,291,57] mean=148.1
01-ship-black                      changed=    7816 bbox=[679,423,361,271] mean=191.9
02-ship-stripe                     changed=    1483 bbox=[332,36,653,658] mean=101.3
03-ship-buff                       changed=    1123 bbox=[311,29,642,665] mean=167.2
04-ship-deck                       changed=    1049 bbox=[304,27,644,667] mean=123.2
05-ship-oak                        changed=    7255 bbox=[299,25,832,669] mean=158.5
06-ship-iron                       changed=    1162 bbox=[298,25,720,669] mean=98.5
07-ship-brass                      changed=     649 bbox=[77,15,937,679] mean=43.9
08-ship-glass                      changed=     632 bbox=[60,24,807,670] mean=33.1
09-ship-rigging                    changed=    6538 bbox=[59,15,1071,682] mean=48.7
10-ship-sail-cloth                 changed=   56780 bbox=[58,14,1072,680] mean=124.4
11-vfx-bow-wave                    changed=    3114 bbox=[60,14,908,708] mean=97.8
12-vfx-hull-skirt                  changed=    2130 bbox=[61,12,1239,682] mean=88.4
13-_anon_ocean-surface_            changed=    1610 bbox=[60,12,1240,888] mean=34.2
14-_anon_ocean-surface_            changed=  179984 bbox=[0,11,1600,889] mean=107.5
15-_anon_ocean-surface_            changed=  141502 bbox=[0,10,1600,815] mean=128.8
16-_anon_ocean-surface_            changed=   56918 bbox=[0,12,1600,682] mean=135.2
17-_anon_ocean-surface_            changed=   29091 bbox=[0,11,1600,683] mean=132.4
18-_anon_ocean-surface_            changed=   14809 bbox=[0,10,1600,684] mean=132.8
19-_anon_ocean-surface_            changed=    8382 bbox=[0,11,1592,683] mean=111.5
20-_anon_ocean-surface_            changed=    5570 bbox=[0,12,1600,682] mean=76.5
21-_anon_ocean-surface_            changed=    2819 bbox=[0,11,1600,683] mean=53.6
22-_anon_ocean-surface_            changed=    1392 bbox=[2,11,1567,683] mean=35.9
23-_anon_ocean-surface_            changed=    1964 bbox=[0,12,1569,682] mean=36.3
24-sky                             changed=  831836 bbox=[0,0,1600,891] mean=393.2
27-vfx-particles                   changed=    4166 bbox=[40,12,1261,688] mean=77.8
32-island-2-land                   changed=    1916 bbox=[59,10,1242,684] mean=40.2
33-island-2-shore                  changed=    1159 bbox=[16,10,1284,684] mean=33.9
36-island-4-land                   changed=    1125 bbox=[58,10,1242,684] mean=33.8
37-island-4-shore                  changed=    1143 bbox=[58,11,1242,683] mean=33.7
38-island-5-land                   changed=    1131 bbox=[10,11,1290,683] mean=33.9
39-island-5-shore                  changed=    1138 bbox=[16,11,1284,683] mean=33.8

done -> /tmp/frozen3 
