region 980,845,150,55  (8250 px)
control: in=0 out=11   <- both must be ~0

00-ship-copper                 inRegion=     0 (    0)  elsewhere=    320  inBox=null
01-ship-black                  inRegion=     0 (    0)  elsewhere=   8054  inBox=null
02-ship-stripe                 inRegion=     0 (    0)  elsewhere=   2733  inBox=null
03-ship-buff                   inRegion=     0 (    0)  elsewhere=   3011  inBox=null
04-ship-deck                   inRegion=     0 (    0)  elsewhere=   3408  inBox=null
05-ship-oak                    inRegion=     0 (    0)  elsewhere=  10008  inBox=null
06-ship-iron                   inRegion=     0 (    0)  elsewhere=   3946  inBox=null
07-ship-brass                  inRegion=     0 (    0)  elsewhere=   3446  inBox=null
08-ship-glass                  inRegion=     0 (    0)  elsewhere=   3528  inBox=null
09-ship-rigging                inRegion=     0 (    0)  elsewhere=   9571  inBox=null
10-ship-sail-cloth             inRegion=     0 (    0)  elsewhere=  59327  inBox=null
11-vfx-bow-wave                inRegion=     0 (    0)  elsewhere=   6362  inBox=null
12-vfx-hull-skirt              inRegion=     0 (    0)  elsewhere=   5840  inBox=null
13-_anon_ocean-surface_        inRegion=  2284 (0.277)  elsewhere=   4292  inBox=[989,871,141,29]  <<< SLAB
14-_anon_ocean-surface_        inRegion=  5606 ( 0.68)  elsewhere= 202567  inBox=[980,845,150,55]  <<< SLAB
15-_anon_ocean-surface_        inRegion=     0 (    0)  elsewhere= 173562  inBox=null
16-_anon_ocean-surface_        inRegion=     0 (    0)  elsewhere=  74142  inBox=null
17-_anon_ocean-surface_        inRegion=     0 (    0)  elsewhere=  36811  inBox=null
18-_anon_ocean-surface_        inRegion=     0 (    0)  elsewhere=  20647  inBox=null
19-_anon_ocean-surface_        inRegion=     0 (    0)  elsewhere=  13366  inBox=null
20-_anon_ocean-surface_        inRegion=     0 (    0)  elsewhere=   9388  inBox=null
21-_anon_ocean-surface_        inRegion=     0 (    0)  elsewhere=   6754  inBox=null
22-_anon_ocean-surface_        inRegion=     0 (    0)  elsewhere=   5472  inBox=null
23-_anon_ocean-surface_        inRegion=     0 (    0)  elsewhere=   5856  inBox=null
24-sky                         inRegion=    10 (0.001)  elsewhere= 833123  inBox=[1004,878,59,18]
27-vfx-particles               inRegion=     0 (    0)  elsewhere=   8087  inBox=null
32-island-2-land               inRegion=     0 (    0)  elsewhere=   5693  inBox=null
33-island-2-shore              inRegion=     0 (    0)  elsewhere=   4822  inBox=null
36-island-4-land               inRegion=     0 (    0)  elsewhere=   4747  inBox=null
37-island-4-shore              inRegion=     0 (    0)  elsewhere=   4736  inBox=null
38-island-5-land               inRegion=     0 (    0)  elsewhere=   4776  inBox=null
39-island-5-shore              inRegion=     0 (    0)  elsewhere=   4805  inBox=null

=== ranked by fraction of the slab rectangle they own ===
  0.68  (anon:ocean-surface)     mat=ShaderMaterial:ocean-surface parents=ocean<Scene
 0.277  (anon:ocean-surface)     mat=ShaderMaterial:ocean-surface parents=ocean<Scene
 0.001  sky                      mat=ShaderMaterial               parents=Scene
     0  ship-copper              mat=MeshStandardMaterial         parents=Group<shipRoot<Scene
     0  ship-black               mat=MeshStandardMaterial         parents=Group<shipRoot<Scene
     0  ship-stripe              mat=MeshStandardMaterial         parents=Group<shipRoot<Scene
     0  ship-buff                mat=MeshStandardMaterial         parents=Group<shipRoot<Scene
     0  ship-deck                mat=MeshStandardMaterial         parents=Group<shipRoot<Scene

done -> /tmp/slabname
